../Core/Src/main.c:102:5:main	8	static
../Core/Src/main.c:199:6:SystemClock_Config	88	static
../Core/Src/main.c:243:13:MX_ADC1_Init	24	static
../Core/Src/main.c:292:13:MX_USART1_UART_Init	8	static
../Core/Src/main.c:323:13:MX_USART2_UART_Init	8	static
../Core/Src/main.c:354:13:MX_GPIO_Init	48	static
../Core/Src/main.c:396:6:StartDefaultTask	16	static
../Core/Src/main.c:412:6:StartTask02	24	static
../Core/Src/main.c:454:6:StartTask03	32	static
../Core/Src/main.c:500:6:StartTask04	120	static
../Core/Src/main.c:544:6:StartTask05	16	static
../Core/Src/main.c:563:6:Error_Handler	4	static,ignoring_inline_asm
